PS C:\Users\kkgch\OneDrive\デスクトップ\DE研修\VSCode> cd C:\Users\kkgch\OneDrive\デスクトップ\DE研修\第2回\git_challenge
PS C:\Users\kkgch\OneDrive\デスクトップ\DE研修\第2回\git_challenge> git init
Initialized empty Git repository in C:/Users/kkgch/OneDrive/デスクトップ/DE研修/第2回/git_challenge/.git/
PS C:\Users\kkgch\OneDrive\デスクトップ\DE研修\第2回\git_challenge> git add hello_world.txt
PS C:\Users\kkgch\OneDrive\デスクトップ\DE研修\第2回\git_challenge> git commit -m "hello_world.txtを追加"
[main (root-commit) a8695e0] hello_world.txtを追加
 1 file changed, 0 insertions(+), 0 deletions(-)
 create mode 100644 hello_world.txt
PS C:\Users\kkgch\OneDrive\デスクトップ\DE研修\第2回\git_challenge> git add hello_world.txt
PS C:\Users\kkgch\OneDrive\デスクトップ\DE研修\第2回\git_challenge> git commit -m "日本語訳の追加"
[main 0dc331e] 日本語訳の追加
 1 file changed, 2 insertions(+)
PS C:\Users\kkgch\OneDrive\デスクトップ\DE研修\第2回\git_challenge> git log --oneline
0dc331e (HEAD -> main) 日本語訳の追加
a8695e0 hello_world.txtを追加
PS C:\Users\kkgch\OneDrive\デスクトップ\DE研修\第2回\git_challenge> 